=== PUBLICAR — 04/09/2026 18:32:35,88 ===
pasta: C:\Users\eimai\Documents\Curriculum Vitae\portfolio\v1
bash:   C:\Program Files\Git\bin\bash.exe

=== 1. Verificacao ===

[1m1. Executa em jsdom, com e sem WebGL[0m
  !! o harness rebentou (código 1):
       requireStack: [
         'C:\\Users\\eimai\\Documents\\Curriculum Vitae\\portfolio\\v1\\tools-harness.js'
       ]
     }
     
     Node.js v24.18.0
  !! o harness rebentou (código 1):
       requireStack: [
         'C:\\Users\\eimai\\Documents\\Curriculum Vitae\\portfolio\\v1\\tools-harness.js'
       ]
     }
     
     Node.js v24.18.0

[1m2. Os casos de estudo abrem e estão completos[0m

[1m3. Os títulos dos casos cabem no painel[0m
  8 títulos, larguras de 320 a 3840 px
  ok  nenhum parte ao meio — pior folga 16px ("framebudget" @ 320px)

[1m4. Variáveis usadas antes de declaradas[0m
tools/verificar.sh: line 48: python3: command not found

[1m5. Peso, acessibilidade, SEO[0m
tools/verificar.sh: line 51: python3: command not found

[1m6. Resíduos de QA no ficheiro publicado[0m
  ok  limpo
  ok  sem ficheiros temporários

[1m7. As cópias das bibliotecas estão a par dos originais[0m
  ok  framebudget: src/ e demo/index.html iguais ao original
  ok  glaze: src/ e demo/index.html iguais ao original
./tools/sincronizar-nhcs.sh: line 30: USER: unbound variable
tools/verificar.sh: line 145: python3: command not found
tools/verificar.sh: line 155: python3: command not found

[1m8. Build[0m
  ok  dist/ gerado e verificado

[31mHá coisas a corrigir acima.[0m


 !!  A verificacao falhou. NAO foi publicado nada.
